[invitameok.com/tradicional-catolica/b75bc547.html]
[backblue.gif]
[fade.gif]
[index.html]
[invitameok.com/invitaciones/admin/imagenes/26816/IMG-OGminiokd.jpg]
[invitameok.com/invitaciones/js/trivia/jquery-3.6.0.min.js]
[invitameok.com/invitaciones/js/bootstrap.min.js]
[invitameok.com/img/favicon.png]
[connect.facebook.net/en_US/fbevents.js]
[invitameok.com/invitaciones/js/confetti.browser.js]
[invitameok.com/invitaciones/css/font-awesome_all.min.css]
[invitameok.com/invitaciones/css/trivia/bootstrap.min.css]
[invitameok.com/invitaciones/css/trivia/animate.min.css]
[invitameok.com/invitaciones/css/trivia/style.css]
[invitameok.com/invitaciones/css/trivia/estilos.css]
[invitameok.com/invitaciones/css/venobox.min.css]
[invitameok.com/invitaciones/css/bootstrap.min.css]
[invitameok.com/invitaciones/font-awesome/css/font-awesome.min.css]
[invitameok.com/invitaciones/css/flexslider.css]
[invitameok.com/invitaciones/css/magnific-popup.css]
[invitameok.com/invitaciones/css/animate.css]
[invitameok.com/invitaciones/css/preloader.css]
[invitameok.com/invitaciones/css/owl.carousel.css]
[invitameok.com/invitaciones/css/style.css]
[invitameok.com/invitaciones/css/theme6.css]
[invitameok.com/invitaciones/admin/imagenes/26816/IMAGEN-HEADERportadaparacompu.jpg]
[invitameok.com/invitaciones/admin/imagenes/26816/IMAGEN-QRfondo1.jpg]
[invitameok.com/invitaciones/admin/imagenes/26816/FOTO_FRASE_LARGAfrpcnueva.jpg]
[invitameok.com/invitaciones/admin/imagenes/26816/IMAGEN-FONDO-LUGARfondo2.jpg]
[invitameok.com/invitaciones/admin/imagenes/26816/CEREMONIA1-IMGCaptura de pantalla 2024-11-21 a la(s) 05.24.41 copia.jpg]
[invitameok.com/invitaciones/admin/imagenes/26816/CEREMONIA2-IMGCaptura de pantalla 2024-11-21 a la(s) 05.26.25 copia.jpg]
[invitameok.com/invitaciones/admin/imagenes/26816/HOTEL-IMGCaptura de pantalla 2024-11-21 a la(s) 06.16.56 copia.jpg]
[invitameok.com/invitaciones/admin/imagenes/26816/HOTEL-ICONhotok2.jpg]
[invitameok.com/invitaciones/admin/imagenes/26816/ITINERARIO-IMGitinerrio.jpg]
[invitameok.com/invitaciones/admin/imagenes/26816/DRESSCODE-IMG01vestido2.jpg]
[invitameok.com/invitaciones/admin/imagenes/26816/DRESSCODE2-IMG01traje1a.jpg]
[invitameok.com/invitaciones/admin/imagenes/26816/IMAGEN-FONDO-GALERIAfondo1.jpg]
[invitameok.com/invitaciones/admin/imagenes/26816/FOTOSg1.jpg]
[invitameok.com/invitaciones/admin/imagenes/26816/FOTOSg5.jpg]
[invitameok.com/invitaciones/admin/imagenes/26816/FOTOSg2.jpg]
[invitameok.com/invitaciones/admin/imagenes/26816/FOTOSg6.jpg]
[invitameok.com/invitaciones/admin/imagenes/26816/FOTOSg3.jpg]
[invitameok.com/invitaciones/admin/imagenes/26816/FOTOSg4.jpg]
[invitameok.com/invitaciones/admin/imagenes/26816/PERSONA1-IMGvela.jpg]
[invitameok.com/invitaciones/admin/imagenes/26816/PERSONA2-IMGd.jpg]
[invitameok.com/invitaciones/admin/imagenes/26816/PERSONA3-IMGb.jpg]
[invitameok.com/invitaciones/admin/imagenes/26816/PERSONA4-IMGanillos.jpg]
[invitameok.com/invitaciones/admin/imagenes/26816/PERSONA5-IMGh.jpg]
[invitameok.com/invitaciones/admin/imagenes/26816/PERSONA6-IMGCopia de padri.jpg]
[invitameok.com/invitaciones/admin/imagenes/26816/REGALOS-IMGregalinok1.png]
[invitameok.com/invitaciones/admin/imagenes/26816/REGALO1-IMGliverpoolok.jpg]
[invitameok.com/invitaciones/admin/imagenes/26816/REGALO2-IMGamazonok.jpg]
[invitameok.com/invitaciones/admin/imagenes/26816/REGALO3-IMGsobreblanco1.jpg]
[invitameok.com/invitaciones/admin/imagenes/26816/INSTAGRAM-FONDO-IMGinsta.jpg]
[invitameok.com/invitame2/store/trivia/26816/BACKGROUND_IMG_726.jpg]
[invitameok.com/invitaciones/js/trivia/script.js]
[cdn.jsdelivr.net/npm/tsparticles/tsparticles.bundle.min.js]
[invitameok.com/invitaciones/admin/imagenes/26816/VIDEO-FONDO-IMGvid.jpg]
[invitameok.com/invitaciones/admin/imagenes/26816/VIDEO-IMGcamarita.png]
[invitameok.com/invitaciones/admin/imagenes/26816/IMAGEN-FONDO-CONFIRMfondo1.jpg]
[invitameok.com/invitaciones/admin/imagenes/26816/IMAGEN-FONDO-CONTACTfondo1.jpg]
[invitameok.com/invitaciones/admin/imagenes/26816/IMAGEN-FOOTERfinparacompu.jpg]
[invitameok.com/invitaciones/images/musica-on-4.gif]
[invitameok.com/invitaciones/js/jquery.countdown.js]
[invitameok.com/invitaciones/js/modernizr.js]
[invitameok.com/invitaciones/js/device.js]
[invitameok.com/invitaciones/js/jquery.flexslider.js]
[invitameok.com/invitaciones/js/bootstrap.offcanvas.js]
[invitameok.com/invitaciones/js/jquery.waypoints.min.js]
[invitameok.com/invitaciones/js/sticky.min.js]
[invitameok.com/invitaciones/js/jquery.vide.js]
[invitameok.com/invitaciones/js/pace.min.js]
[invitameok.com/invitaciones/js/jquery.smooth-scroll.js]
[invitameok.com/invitaciones/js/jquery.validate.min.js]
[invitameok.com/invitaciones/js/jquery-ui.min.js]
[invitameok.com/invitaciones/qrgenerator/qrcode.min.js]
[invitameok.com/invitaciones/js/venobox.min.js]
[invitameok.com/invitaciones/js/script.js]
[invitameok.com/tradicional-catolica/b75bc547.html]
[invitameok.com/cdn-cgi/scripts/7d0fa10a/cloudflare-static/rocket-loader.min.js]
[invitameok.com/signals/iwl.js]
[invitameok.com/signals/iwl0fc5.js]
[connect.facebook.net/en_US/fbevents.js]
[invitameok.com/invitaciones/css/font-awesome_all.min.css]
[invitameok.com/invitaciones/css/trivia/bootstrap.min.css]
[invitameok.com/invitaciones/css/trivia/animate.min.css]
[invitameok.com/invitaciones/images/trivia/background/bg4.jpg]
[invitameok.com/invitaciones/css/trivia/style.css]
[invitameok.com/invitaciones/css/trivia/estilos.css]
[invitameok.com/invitaciones/css/venobox.min.css]
[invitameok.com/invitaciones/css/bootstrap.min.css]
[invitameok.com/invitaciones/font-awesome/css/font-awesome.min.css]
[invitameok.com/invitaciones/css/flexslider.css]
[invitameok.com/invitaciones/css/magnific-popup.css]
[invitameok.com/invitaciones/css/animate.css]
[invitameok.com/invitaciones/css/preloader.css]
[invitameok.com/invitaciones/css/grabbing.png]
[invitameok.com/invitaciones/css/owl.carousel.css]
[invitameok.com/invitaciones/css/AjaxLoader.gif]
[invitameok.com/invitaciones/css/style.css]
[invitameok.com/invitaciones/gfx/icon-arrow-t1.png]
[invitameok.com/invitaciones/css/theme6.css]
[invitameok.com/tradicional-catolica/signals/config/index.html]
[invitameok.com/tradicional-catolica/signals/plugins/index.html]
[invitameok.com/tradicional-catolica/schema.org/index.html]
[invitameok.com/signals/iwl.html]
[invitameok.com/signals/iwl0fc5.html]
[invitameok.com/invitaciones/css/grabbing.html]
[invitameok.com/invitaciones/css/AjaxLoader.html]
[invitameok.com/invitaciones/gfx/icon-arrow-t1.html]
